09:03:47.542 [main                     ] DEBUG Logger               - Configured Logger
09:03:47.547 [main                     ] DEBUG GameApplication      - Logging settings
Title: 火柴人打羽毛球
Version: v0.1
Width: 800
Height: 600
Fullscreen: false
Intro: false
Profiling: false
Single step:false
App Mode: DEVELOPER
Menu Key: ESCAPE
Stage Style: DECORATED
Scene Factory: class com.almasb.fxgl.app.scene.SceneFactory

09:03:47.816 [JavaFX Application Thread] DEBUG FXGLApplication      - Initializing FXGL
09:03:47.817 [JavaFX Application Thread] INFO  Engine               - FXGL-17.3 (30.03.2023 11.49) on WINDOWS (J:24.0.2 FX:21.0.6)
09:03:47.817 [JavaFX Application Thread] DEBUG Engine               - JRE Vendor Name: Oracle Corporation
09:03:47.817 [JavaFX Application Thread] DEBUG Engine               - Running on OS: Windows 11 version 10.0
09:03:47.818 [JavaFX Application Thread] DEBUG Engine               - Architecture: amd64
09:03:47.818 [JavaFX Application Thread] INFO  Engine               - Source code and latest versions at: https://github.com/AlmasB/FXGL
09:03:47.818 [JavaFX Application Thread] INFO  Engine               -       Ask questions and discuss at: https://github.com/AlmasB/FXGL/discussions
09:03:47.818 [JavaFX Application Thread] INFO  Engine               -              Join the FXGL chat at: https://gitter.im/AlmasB/FXGL
09:03:47.886 [JavaFX Application Thread] DEBUG PrimaryStageWindow   - Creating a JavaFX scene
09:03:47.916 [JavaFX Application Thread] DEBUG PrimaryStageWindow   - Target settings size: 800.0 x 600.0
09:03:47.916 [JavaFX Application Thread] DEBUG PrimaryStageWindow   - Scaled scene size:    800.0 x 600.0
09:03:47.916 [JavaFX Application Thread] DEBUG PrimaryStageWindow   - Scaled ratio: (1.0, 1.0)
09:03:47.917 [JavaFX Application Thread] DEBUG PrimaryStageWindow   - Set initial scene to FXGLStartupScene
09:03:47.920 [JavaFX Application Thread] DEBUG PrimaryStageWindow   - Opening main window
09:03:47.982 [JavaFX Application Thread] DEBUG PrimaryStageWindow   - Window border size: (14.66668701171875, 37.33331298828125)
09:03:47.982 [JavaFX Application Thread] DEBUG PrimaryStageWindow   - Scaled size: 800.0 x 600.0
09:03:47.982 [JavaFX Application Thread] DEBUG PrimaryStageWindow   - Scaled ratio: (1.0, 1.0)
09:03:47.982 [JavaFX Application Thread] DEBUG PrimaryStageWindow   - Scene size: 800.0 x 600.0
09:03:47.982 [JavaFX Application Thread] DEBUG PrimaryStageWindow   - Stage size: 814.6666870117188 x 637.3333129882812
09:03:47.986 [FXGL Background Thread 1 ] DEBUG Engine               - Initializing environment variables
09:03:48.022 [FXGL Background Thread 1 ] DEBUG FXGLAssetLoaderServi - User app class for loading assets: class org.stickbadminton.GameApp
09:03:48.023 [FXGL Background Thread 1 ] DEBUG GameApplicationServi - Applying CSS: fxgl_dark.css
09:03:48.023 [FXGL Background Thread 1 ] DEBUG FXGLAssetLoaderServi - Loading from file system: jar:file:///C:/Users/ZhuanZ/.m2/repository/com/github/almasb/fxgl/17.3/fxgl-17.3.jar!/fxglassets/ui/css/fxgl_dark.css
09:03:48.052 [FXGL Background Thread 1 ] DEBUG GameApplicationServi - Initializing application scenes
09:03:48.092 [FXGL Background Thread 1 ] DEBUG GameWorld            - Game world initialized
09:03:48.128 [FXGL Background Thread 1 ] DEBUG PhysicsWorld         - Physics world initialized: appHeight=600, physics.ppm=50.0
09:03:48.128 [FXGL Background Thread 1 ] DEBUG PhysicsWorld         - Using strategy: BRUTE_FORCE
09:03:48.130 [FXGL Background Thread 1 ] DEBUG GameScene            - Game scene initialized: 800x600
09:03:48.138 [FXGL Background Thread 1 ] DEBUG FXGL.DefaultMenu     - createMenuBodyGameMenu()
09:03:48.144 [FXGL Background Thread 1 ] DEBUG FXGL.DefaultMenu     - createOptionsMenu()
09:03:48.151 [FXGL Background Thread 1 ] DEBUG FXGLAssetLoaderServi - Loading from file system: jar:file:///C:/Users/ZhuanZ/.m2/repository/com/github/almasb/fxgl/17.3/fxgl-17.3.jar!/fxglassets/textures/particles/smoke.png
09:03:48.212 [FXGL Background Thread 1 ] DEBUG FXGLAssetLoaderServi - Loading from file system: jar:file:///C:/Users/ZhuanZ/.m2/repository/com/github/almasb/fxgl/17.3/fxgl-17.3.jar!/fxglassets/textures/particles/trace_horizontal.png
09:03:48.236 [FXGL Background Thread 1 ] DEBUG GameApplicationServi - Application scenes initialized
09:03:48.244 [FXGL Background Thread 1 ] DEBUG SystemBundleService  - Loading FXGL system data
09:03:48.246 [FXGL Background Thread 1 ] DEBUG FileSystemAccess     - Reading from: D:\JavaProject\StickBadminton\system\fxgl.bundle
09:03:48.250 [FXGL Background Thread 1 ] DEBUG SystemBundleService  - Bundle FXGL: {}
09:03:48.250 [FXGL Background Thread 1 ] DEBUG UpdaterService       - Checking for updates
09:03:48.253 [FXGL Background Thread 4 ] DEBUG FXGLApplication      - Loading fonts
09:03:48.253 [FXGL Background Thread 4 ] DEBUG FXGLAssetLoaderServi - Loading from file system: jar:file:///C:/Users/ZhuanZ/.m2/repository/com/github/almasb/fxgl/17.3/fxgl-17.3.jar!/fxglassets/ui/fonts/VarelaRound-Regular.ttf
09:03:48.253 [FXGL Background Thread 1 ] DEBUG FXGLApplication      - Loading default localization
09:03:48.253 [FXGL Background Thread 1 ] DEBUG FXGLAssetLoaderServi - Loading from file system: jar:file:///C:/Users/ZhuanZ/.m2/repository/com/github/almasb/fxgl/17.3/fxgl-17.3.jar!/fxglassets/languages/english.lang
09:03:48.278 [FXGL Background Thread 1 ] INFO  FXGLApplication      - FXGL initialization took: 0.292 sec
09:03:48.279 [JavaFX Application Thread] DEBUG FXGLAssetLoaderServi - Loading from file system: jar:file:///C:/Users/ZhuanZ/.m2/repository/com/github/almasb/fxgl/17.3/fxgl-17.3.jar!/fxglassets/textures/fxgl_icon.png
09:03:48.282 [FXGL Background Thread 4 ] DEBUG FXGLAssetLoaderServi - Loading from file system: jar:file:///C:/Users/ZhuanZ/.m2/repository/com/github/almasb/fxgl/17.3/fxgl-17.3.jar!/fxglassets/ui/fonts/Abel-Regular.ttf
09:03:48.290 [FXGL Background Thread 4 ] DEBUG FXGLAssetLoaderServi - Loading from file system: jar:file:///C:/Users/ZhuanZ/.m2/repository/com/github/almasb/fxgl/17.3/fxgl-17.3.jar!/fxglassets/ui/fonts/TerminalLandMono-Regular.otf
09:03:48.295 [JavaFX Application Thread] DEBUG FXGLAssetLoaderServi - Loading from file system: jar:file:///C:/Users/ZhuanZ/.m2/repository/com/github/almasb/fxgl/17.3/fxgl-17.3.jar!/fxglassets/textures/fxgl_default_cursor.png
09:03:48.298 [FXGL Background Thread 4 ] DEBUG FXGLAssetLoaderServi - Loading from file system: jar:file:///C:/Users/ZhuanZ/.m2/repository/com/github/almasb/fxgl/17.3/fxgl-17.3.jar!/fxglassets/ui/fonts/Courier-Prime.ttf
09:03:48.302 [JavaFX Application Thread] DEBUG Input                - Registered new binding: Screenshot - CTRL+8
09:03:48.302 [JavaFX Application Thread] DEBUG Input                - Registered new binding: System info dump - CTRL+9
09:03:48.302 [JavaFX Application Thread] DEBUG Input                - Registered new binding: Restart - CTRL+R
09:03:48.304 [JavaFX Application Thread] DEBUG Input                - Registered new binding: Toggle Debug Camera - CTRL+7
09:03:48.305 [JavaFX Application Thread] DEBUG LoopRunner           - Starting loop
09:03:48.305 [JavaFX Application Thread] DEBUG LoopRunner           - Initializing JavaFX AnimationTimerLoop
09:03:48.306 [JavaFX Application Thread] DEBUG GameApplicationServi - Starting new game
09:03:48.307 [JavaFX Application Thread] DEBUG Input                - Clearing active input actions
09:03:48.316 [JavaFX Application Thread] DEBUG GameApplicationServi - Removing overlay from FXGLStartupScene and adding to FXGLLoadingScene
09:03:48.316 [JavaFX Application Thread] DEBUG PrimaryStageWindow   - FXGLStartupScene -> FXGLLoadingScene
09:03:48.316 [JavaFX Application Thread] DEBUG GameApplicationServi - Clearing previous game
09:03:48.316 [JavaFX Application Thread] DEBUG GameScene            - Clearing game scene
09:03:48.316 [JavaFX Application Thread] DEBUG GameWorld            - Clearing game world
09:03:48.316 [JavaFX Application Thread] DEBUG PhysicsWorld         - Clearing physics world
09:03:48.318 [FXGL Background Thread 4 ] DEBUG FXGLApplication      - Initializing game
09:03:48.318 [JavaFX Application Thread] DEBUG FXGLApplication      - Registering font factories with UI factory
09:03:48.346 [FXGL Background Thread 4 ] INFO  FXGLApplication      - Game initialization took: 0.027 sec
09:03:48.352 [JavaFX Application Thread] DEBUG Input                - Clearing active input actions
09:03:48.361 [JavaFX Application Thread] DEBUG GameApplicationServi - Removing overlay from FXGLLoadingScene and adding to GameScene
09:03:48.361 [JavaFX Application Thread] DEBUG PrimaryStageWindow   - FXGLLoadingScene -> GameScene
09:03:48.734 [FXGL Background Thread 2 ] INFO  UpdaterService       - Your current version:  17.3
09:03:48.734 [FXGL Background Thread 2 ] INFO  UpdaterService       - Latest stable version: 21.1
09:03:49.826 [JavaFX Application Thread] DEBUG FXGLApplication      - Exiting FXGL
09:03:49.826 [JavaFX Application Thread] DEBUG LoopRunner           - Stopping loop
09:03:49.826 [JavaFX Application Thread] DEBUG SystemBundleService  - Saving FXGL system data
09:03:49.828 [JavaFX Application Thread] DEBUG FileSystemAccess     - Writing to: D:\JavaProject\StickBadminton\system\fxgl.bundle
09:03:49.829 [JavaFX Application Thread] DEBUG Async                - Shutting down background threads
09:03:49.829 [JavaFX Application Thread] DEBUG PrimaryStageWindow   - Closing main window
09:03:49.838 [JavaFX Application Thread] DEBUG Logger               - Closing Logger
