15:57:33.302 [main                     ] DEBUG Logger               - Configured Logger
15:57:33.307 [main                     ] DEBUG GameApplication      - Logging settings
Title: 火柴人打羽毛球
Version: v0.1
Width: 900
Height: 600
Fullscreen: false
Intro: false
Profiling: false
Single step:false
App Mode: DEVELOPER
Menu Key: ESCAPE
Stage Style: DECORATED
Scene Factory: class com.almasb.fxgl.app.scene.SceneFactory

15:57:33.776 [JavaFX Application Thread] DEBUG FXGLApplication      - Initializing FXGL
15:57:33.778 [JavaFX Application Thread] INFO  Engine               - FXGL-17.3 (30.03.2023 11.49) on WINDOWS (J:24.0.2 FX:21.0.6)
15:57:33.778 [JavaFX Application Thread] DEBUG Engine               - JRE Vendor Name: Oracle Corporation
15:57:33.778 [JavaFX Application Thread] DEBUG Engine               - Running on OS: Windows 11 version 10.0
15:57:33.778 [JavaFX Application Thread] DEBUG Engine               - Architecture: amd64
15:57:33.778 [JavaFX Application Thread] INFO  Engine               - Source code and latest versions at: https://github.com/AlmasB/FXGL
15:57:33.778 [JavaFX Application Thread] INFO  Engine               -       Ask questions and discuss at: https://github.com/AlmasB/FXGL/discussions
15:57:33.779 [JavaFX Application Thread] INFO  Engine               -              Join the FXGL chat at: https://gitter.im/AlmasB/FXGL
15:57:33.854 [JavaFX Application Thread] DEBUG PrimaryStageWindow   - Creating a JavaFX scene
15:57:33.897 [JavaFX Application Thread] DEBUG PrimaryStageWindow   - Target settings size: 900.0 x 600.0
15:57:33.897 [JavaFX Application Thread] DEBUG PrimaryStageWindow   - Scaled scene size:    900.0 x 600.0
15:57:33.897 [JavaFX Application Thread] DEBUG PrimaryStageWindow   - Scaled ratio: (1.0, 1.0)
15:57:33.898 [JavaFX Application Thread] DEBUG PrimaryStageWindow   - Set initial scene to FXGLStartupScene
15:57:33.901 [JavaFX Application Thread] DEBUG PrimaryStageWindow   - Opening main window
15:57:34.022 [JavaFX Application Thread] DEBUG PrimaryStageWindow   - Window border size: (14.66668701171875, 37.33331298828125)
15:57:34.022 [JavaFX Application Thread] DEBUG PrimaryStageWindow   - Scaled size: 900.0 x 600.0
15:57:34.022 [JavaFX Application Thread] DEBUG PrimaryStageWindow   - Scaled ratio: (1.0, 1.0)
15:57:34.022 [JavaFX Application Thread] DEBUG PrimaryStageWindow   - Scene size: 900.0 x 600.0
15:57:34.022 [JavaFX Application Thread] DEBUG PrimaryStageWindow   - Stage size: 914.6666870117188 x 637.3333129882812
15:57:34.028 [FXGL Background Thread 1 ] DEBUG Engine               - Initializing environment variables
15:57:34.078 [FXGL Background Thread 1 ] DEBUG FXGLAssetLoaderServi - User app class for loading assets: class org.stickbadminton.GameApp
15:57:34.078 [FXGL Background Thread 1 ] DEBUG GameApplicationServi - Applying CSS: fxgl_dark.css
15:57:34.079 [FXGL Background Thread 1 ] DEBUG FXGLAssetLoaderServi - Loading from file system: jar:file:///C:/Users/Elysia/.m2/repository/com/github/almasb/fxgl/17.3/fxgl-17.3.jar!/fxglassets/ui/css/fxgl_dark.css
15:57:34.119 [FXGL Background Thread 1 ] DEBUG GameApplicationServi - Initializing application scenes
15:57:34.189 [FXGL Background Thread 1 ] DEBUG GameWorld            - Game world initialized
15:57:34.243 [FXGL Background Thread 1 ] DEBUG PhysicsWorld         - Physics world initialized: appHeight=600, physics.ppm=50.0
15:57:34.244 [FXGL Background Thread 1 ] DEBUG PhysicsWorld         - Using strategy: BRUTE_FORCE
15:57:34.247 [FXGL Background Thread 1 ] DEBUG GameScene            - Game scene initialized: 900x600
15:57:34.258 [FXGL Background Thread 1 ] DEBUG FXGL.DefaultMenu     - createMenuBodyGameMenu()
15:57:34.268 [FXGL Background Thread 1 ] DEBUG FXGL.DefaultMenu     - createOptionsMenu()
15:57:34.278 [FXGL Background Thread 1 ] DEBUG FXGLAssetLoaderServi - Loading from file system: jar:file:///C:/Users/Elysia/.m2/repository/com/github/almasb/fxgl/17.3/fxgl-17.3.jar!/fxglassets/textures/particles/smoke.png
15:57:34.373 [FXGL Background Thread 1 ] DEBUG FXGLAssetLoaderServi - Loading from file system: jar:file:///C:/Users/Elysia/.m2/repository/com/github/almasb/fxgl/17.3/fxgl-17.3.jar!/fxglassets/textures/particles/trace_horizontal.png
15:57:34.397 [FXGL Background Thread 1 ] DEBUG GameApplicationServi - Application scenes initialized
15:57:34.410 [FXGL Background Thread 1 ] DEBUG SystemBundleService  - Loading FXGL system data
15:57:34.413 [FXGL Background Thread 1 ] DEBUG FileSystemAccess     - Reading from: C:\Users\Elysia\Desktop\StickBadminton\StickBadminton\system\fxgl.bundle
15:57:34.418 [FXGL Background Thread 1 ] DEBUG SystemBundleService  - Bundle FXGL: {}
15:57:34.419 [FXGL Background Thread 1 ] DEBUG UpdaterService       - Checking for updates
15:57:34.423 [FXGL Background Thread 4 ] DEBUG FXGLApplication      - Loading fonts
15:57:34.423 [FXGL Background Thread 4 ] DEBUG FXGLAssetLoaderServi - Loading from file system: jar:file:///C:/Users/Elysia/.m2/repository/com/github/almasb/fxgl/17.3/fxgl-17.3.jar!/fxglassets/ui/fonts/VarelaRound-Regular.ttf
15:57:34.424 [FXGL Background Thread 1 ] DEBUG FXGLApplication      - Loading default localization
15:57:34.424 [FXGL Background Thread 1 ] DEBUG FXGLAssetLoaderServi - Loading from file system: jar:file:///C:/Users/Elysia/.m2/repository/com/github/almasb/fxgl/17.3/fxgl-17.3.jar!/fxglassets/languages/english.lang
15:57:34.459 [FXGL Background Thread 4 ] DEBUG FXGLAssetLoaderServi - Loading from file system: jar:file:///C:/Users/Elysia/.m2/repository/com/github/almasb/fxgl/17.3/fxgl-17.3.jar!/fxglassets/ui/fonts/Abel-Regular.ttf
15:57:34.461 [FXGL Background Thread 4 ] DEBUG FXGLAssetLoaderServi - Loading from file system: jar:file:///C:/Users/Elysia/.m2/repository/com/github/almasb/fxgl/17.3/fxgl-17.3.jar!/fxglassets/ui/fonts/TerminalLandMono-Regular.otf
15:57:34.464 [FXGL Background Thread 4 ] DEBUG FXGLAssetLoaderServi - Loading from file system: jar:file:///C:/Users/Elysia/.m2/repository/com/github/almasb/fxgl/17.3/fxgl-17.3.jar!/fxglassets/ui/fonts/Courier-Prime.ttf
15:57:34.466 [FXGL Background Thread 1 ] INFO  FXGLApplication      - FXGL initialization took: 0.437 sec
15:57:34.467 [JavaFX Application Thread] DEBUG FXGLAssetLoaderServi - Loading from file system: jar:file:///C:/Users/Elysia/.m2/repository/com/github/almasb/fxgl/17.3/fxgl-17.3.jar!/fxglassets/textures/fxgl_icon.png
15:57:34.481 [JavaFX Application Thread] DEBUG FXGLAssetLoaderServi - Loading from file system: jar:file:///C:/Users/Elysia/.m2/repository/com/github/almasb/fxgl/17.3/fxgl-17.3.jar!/fxglassets/textures/fxgl_default_cursor.png
15:57:34.493 [JavaFX Application Thread] DEBUG Input                - Registered new binding: Screenshot - CTRL+8
15:57:34.494 [JavaFX Application Thread] DEBUG Input                - Registered new binding: System info dump - CTRL+9
15:57:34.494 [JavaFX Application Thread] DEBUG Input                - Registered new binding: Restart - CTRL+R
15:57:34.495 [JavaFX Application Thread] DEBUG Input                - Registered new binding: Toggle Debug Camera - CTRL+7
15:57:34.499 [JavaFX Application Thread] DEBUG LoopRunner           - Starting loop
15:57:34.499 [JavaFX Application Thread] DEBUG LoopRunner           - Initializing ScheduledExecutorLoop with fps: 60
15:57:34.500 [JavaFX Application Thread] DEBUG GameApplicationServi - Starting new game
15:57:34.501 [JavaFX Application Thread] DEBUG Input                - Clearing active input actions
15:57:34.512 [JavaFX Application Thread] DEBUG GameApplicationServi - Removing overlay from FXGLStartupScene and adding to FXGLLoadingScene
15:57:34.512 [JavaFX Application Thread] DEBUG PrimaryStageWindow   - FXGLStartupScene -> FXGLLoadingScene
15:57:34.512 [JavaFX Application Thread] DEBUG GameApplicationServi - Clearing previous game
15:57:34.512 [JavaFX Application Thread] DEBUG GameScene            - Clearing game scene
15:57:34.512 [JavaFX Application Thread] DEBUG GameWorld            - Clearing game world
15:57:34.513 [JavaFX Application Thread] DEBUG PhysicsWorld         - Clearing physics world
15:57:34.515 [FXGL Background Thread 4 ] DEBUG FXGLApplication      - Initializing game
15:57:34.515 [JavaFX Application Thread] DEBUG FXGLApplication      - Registering font factories with UI factory
15:57:34.591 [FXGL Background Thread 4 ] INFO  FXGLApplication      - Game initialization took: 0.077 sec
15:57:34.648 [JavaFX Application Thread] DEBUG Input                - Clearing active input actions
15:57:34.658 [JavaFX Application Thread] DEBUG GameApplicationServi - Removing overlay from FXGLLoadingScene and adding to GameScene
15:57:34.658 [JavaFX Application Thread] DEBUG PrimaryStageWindow   - FXGLLoadingScene -> GameScene
15:57:36.733 [JavaFX Application Thread] DEBUG FXGLApplication      - Exiting FXGL
15:57:36.733 [JavaFX Application Thread] DEBUG LoopRunner           - Stopping loop
15:57:36.733 [JavaFX Application Thread] DEBUG SystemBundleService  - Saving FXGL system data
15:57:36.736 [JavaFX Application Thread] DEBUG FileSystemAccess     - Writing to: C:\Users\Elysia\Desktop\StickBadminton\StickBadminton\system\fxgl.bundle
15:57:36.737 [JavaFX Application Thread] DEBUG Async                - Shutting down background threads
15:57:36.737 [JavaFX Application Thread] DEBUG PrimaryStageWindow   - Closing main window
15:57:36.752 [JavaFX Application Thread] DEBUG Logger               - Closing Logger
