15:12:40.881 [main                     ] DEBUG Logger               - Configured Logger
15:12:40.886 [main                     ] DEBUG GameApplication      - Logging settings
Title: 火柴人打羽毛球
Version: v0.1
Width: 900
Height: 600
Fullscreen: false
Intro: false
Profiling: false
Single step:false
App Mode: DEVELOPER
Menu Key: ESCAPE
Stage Style: DECORATED
Scene Factory: class com.almasb.fxgl.app.scene.SceneFactory

15:12:41.549 [JavaFX Application Thread] DEBUG FXGLApplication      - Initializing FXGL
15:12:41.550 [JavaFX Application Thread] INFO  Engine               - FXGL-17.3 (30.03.2023 11.49) on WINDOWS (J:24.0.2 FX:21.0.6)
15:12:41.550 [JavaFX Application Thread] DEBUG Engine               - JRE Vendor Name: Oracle Corporation
15:12:41.550 [JavaFX Application Thread] DEBUG Engine               - Running on OS: Windows 11 version 10.0
15:12:41.550 [JavaFX Application Thread] DEBUG Engine               - Architecture: amd64
15:12:41.551 [JavaFX Application Thread] INFO  Engine               - Source code and latest versions at: https://github.com/AlmasB/FXGL
15:12:41.551 [JavaFX Application Thread] INFO  Engine               -       Ask questions and discuss at: https://github.com/AlmasB/FXGL/discussions
15:12:41.551 [JavaFX Application Thread] INFO  Engine               -              Join the FXGL chat at: https://gitter.im/AlmasB/FXGL
15:12:41.608 [JavaFX Application Thread] DEBUG PrimaryStageWindow   - Creating a JavaFX scene
15:12:41.636 [JavaFX Application Thread] DEBUG PrimaryStageWindow   - Target settings size: 900.0 x 600.0
15:12:41.637 [JavaFX Application Thread] DEBUG PrimaryStageWindow   - Scaled scene size:    900.0 x 600.0
15:12:41.637 [JavaFX Application Thread] DEBUG PrimaryStageWindow   - Scaled ratio: (1.0, 1.0)
15:12:41.637 [JavaFX Application Thread] DEBUG PrimaryStageWindow   - Set initial scene to FXGLStartupScene
15:12:41.639 [JavaFX Application Thread] DEBUG PrimaryStageWindow   - Opening main window
15:12:41.708 [JavaFX Application Thread] DEBUG PrimaryStageWindow   - Window border size: (14.4000244140625, 37.5999755859375)
15:12:41.708 [JavaFX Application Thread] DEBUG PrimaryStageWindow   - Scaled size: 900.0 x 600.0
15:12:41.708 [JavaFX Application Thread] DEBUG PrimaryStageWindow   - Scaled ratio: (1.0, 1.0)
15:12:41.708 [JavaFX Application Thread] DEBUG PrimaryStageWindow   - Scene size: 900.0 x 600.0
15:12:41.708 [JavaFX Application Thread] DEBUG PrimaryStageWindow   - Stage size: 914.4000244140625 x 637.5999755859375
15:12:41.711 [FXGL Background Thread 1 ] DEBUG Engine               - Initializing environment variables
15:12:41.733 [FXGL Background Thread 1 ] DEBUG FXGLAssetLoaderServi - User app class for loading assets: class org.stickbadminton.GameApp
15:12:41.735 [FXGL Background Thread 1 ] DEBUG GameApplicationServi - Applying CSS: fxgl_dark.css
15:12:41.735 [FXGL Background Thread 1 ] DEBUG FXGLAssetLoaderServi - Loading from file system: jar:file:///C:/Users/28794/.m2/repository/com/github/almasb/fxgl/17.3/fxgl-17.3.jar!/fxglassets/ui/css/fxgl_dark.css
15:12:41.760 [FXGL Background Thread 1 ] DEBUG GameApplicationServi - Initializing application scenes
15:12:41.802 [FXGL Background Thread 1 ] DEBUG GameWorld            - Game world initialized
15:12:41.833 [FXGL Background Thread 1 ] DEBUG PhysicsWorld         - Physics world initialized: appHeight=600, physics.ppm=50.0
15:12:41.833 [FXGL Background Thread 1 ] DEBUG PhysicsWorld         - Using strategy: BRUTE_FORCE
15:12:41.836 [FXGL Background Thread 1 ] DEBUG GameScene            - Game scene initialized: 900x600
15:12:41.843 [FXGL Background Thread 1 ] DEBUG FXGL.DefaultMenu     - createMenuBodyGameMenu()
15:12:41.850 [FXGL Background Thread 1 ] DEBUG FXGL.DefaultMenu     - createOptionsMenu()
15:12:41.857 [FXGL Background Thread 1 ] DEBUG FXGLAssetLoaderServi - Loading from file system: jar:file:///C:/Users/28794/.m2/repository/com/github/almasb/fxgl/17.3/fxgl-17.3.jar!/fxglassets/textures/particles/smoke.png
15:12:41.916 [FXGL Background Thread 1 ] DEBUG FXGLAssetLoaderServi - Loading from file system: jar:file:///C:/Users/28794/.m2/repository/com/github/almasb/fxgl/17.3/fxgl-17.3.jar!/fxglassets/textures/particles/trace_horizontal.png
15:12:41.932 [FXGL Background Thread 1 ] DEBUG GameApplicationServi - Application scenes initialized
15:12:41.939 [FXGL Background Thread 1 ] DEBUG SystemBundleService  - Loading FXGL system data
15:12:41.940 [FXGL Background Thread 1 ] DEBUG FileSystemAccess     - Reading from: C:\Users\28794\Desktop\badminton\game\system\fxgl.bundle
15:12:41.942 [FXGL Background Thread 1 ] DEBUG SystemBundleService  - Bundle FXGL: {}
15:12:41.942 [FXGL Background Thread 1 ] DEBUG UpdaterService       - Checking for updates
15:12:41.944 [FXGL Background Thread 4 ] DEBUG FXGLApplication      - Loading fonts
15:12:41.944 [FXGL Background Thread 1 ] DEBUG FXGLApplication      - Loading default localization
15:12:41.944 [FXGL Background Thread 4 ] DEBUG FXGLAssetLoaderServi - Loading from file system: jar:file:///C:/Users/28794/.m2/repository/com/github/almasb/fxgl/17.3/fxgl-17.3.jar!/fxglassets/ui/fonts/VarelaRound-Regular.ttf
15:12:41.945 [FXGL Background Thread 1 ] DEBUG FXGLAssetLoaderServi - Loading from file system: jar:file:///C:/Users/28794/.m2/repository/com/github/almasb/fxgl/17.3/fxgl-17.3.jar!/fxglassets/languages/english.lang
15:12:41.950 [FXGL Background Thread 4 ] DEBUG FXGLAssetLoaderServi - Loading from file system: jar:file:///C:/Users/28794/.m2/repository/com/github/almasb/fxgl/17.3/fxgl-17.3.jar!/fxglassets/ui/fonts/Abel-Regular.ttf
15:12:41.954 [FXGL Background Thread 4 ] DEBUG FXGLAssetLoaderServi - Loading from file system: jar:file:///C:/Users/28794/.m2/repository/com/github/almasb/fxgl/17.3/fxgl-17.3.jar!/fxglassets/ui/fonts/TerminalLandMono-Regular.otf
15:12:41.956 [FXGL Background Thread 4 ] DEBUG FXGLAssetLoaderServi - Loading from file system: jar:file:///C:/Users/28794/.m2/repository/com/github/almasb/fxgl/17.3/fxgl-17.3.jar!/fxglassets/ui/fonts/Courier-Prime.ttf
15:12:41.962 [JavaFX Application Thread] DEBUG FXGLApplication      - Registering font factories with UI factory
15:12:41.971 [FXGL Background Thread 1 ] INFO  FXGLApplication      - FXGL initialization took: 0.260 sec
15:12:41.972 [JavaFX Application Thread] DEBUG FXGLAssetLoaderServi - Loading from file system: jar:file:///C:/Users/28794/.m2/repository/com/github/almasb/fxgl/17.3/fxgl-17.3.jar!/fxglassets/textures/fxgl_icon.png
15:12:41.991 [JavaFX Application Thread] DEBUG FXGLAssetLoaderServi - Loading from file system: jar:file:///C:/Users/28794/.m2/repository/com/github/almasb/fxgl/17.3/fxgl-17.3.jar!/fxglassets/textures/fxgl_default_cursor.png
15:12:42.004 [JavaFX Application Thread] DEBUG Input                - Registered new binding: Screenshot - CTRL+8
15:12:42.004 [JavaFX Application Thread] DEBUG Input                - Registered new binding: System info dump - CTRL+9
15:12:42.005 [JavaFX Application Thread] DEBUG Input                - Registered new binding: Restart - CTRL+R
15:12:42.006 [JavaFX Application Thread] DEBUG Input                - Registered new binding: Toggle Debug Camera - CTRL+7
15:12:42.008 [JavaFX Application Thread] DEBUG LoopRunner           - Starting loop
15:12:42.008 [JavaFX Application Thread] DEBUG LoopRunner           - Initializing ScheduledExecutorLoop with fps: 60
15:12:42.009 [JavaFX Application Thread] DEBUG GameApplicationServi - Starting new game
15:12:42.011 [JavaFX Application Thread] DEBUG Input                - Clearing active input actions
15:12:42.022 [JavaFX Application Thread] DEBUG GameApplicationServi - Removing overlay from FXGLStartupScene and adding to FXGLLoadingScene
15:12:42.022 [JavaFX Application Thread] DEBUG PrimaryStageWindow   - FXGLStartupScene -> FXGLLoadingScene
15:12:42.022 [JavaFX Application Thread] DEBUG GameApplicationServi - Clearing previous game
15:12:42.022 [JavaFX Application Thread] DEBUG GameScene            - Clearing game scene
15:12:42.022 [JavaFX Application Thread] DEBUG GameWorld            - Clearing game world
15:12:42.022 [JavaFX Application Thread] DEBUG PhysicsWorld         - Clearing physics world
15:12:42.023 [FXGL Background Thread 1 ] DEBUG FXGLApplication      - Initializing game
15:12:42.091 [FXGL Background Thread 1 ] INFO  FXGLApplication      - Game initialization took: 0.067 sec
15:12:42.102 [JavaFX Application Thread] DEBUG Input                - Clearing active input actions
15:12:42.109 [JavaFX Application Thread] DEBUG GameApplicationServi - Removing overlay from FXGLLoadingScene and adding to GameScene
15:12:42.109 [JavaFX Application Thread] DEBUG PrimaryStageWindow   - FXGLLoadingScene -> GameScene
15:12:42.536 [FXGL Background Thread 2 ] INFO  UpdaterService       - Your current version:  17.3
15:12:42.536 [FXGL Background Thread 2 ] INFO  UpdaterService       - Latest stable version: 21.1
15:12:43.826 [JavaFX Application Thread] DEBUG FXGLApplication      - Exiting FXGL
15:12:43.826 [JavaFX Application Thread] DEBUG LoopRunner           - Stopping loop
15:12:43.826 [JavaFX Application Thread] DEBUG SystemBundleService  - Saving FXGL system data
15:12:43.829 [JavaFX Application Thread] DEBUG FileSystemAccess     - Writing to: C:\Users\28794\Desktop\badminton\game\system\fxgl.bundle
15:12:43.830 [JavaFX Application Thread] DEBUG Async                - Shutting down background threads
15:12:43.830 [JavaFX Application Thread] DEBUG PrimaryStageWindow   - Closing main window
15:12:43.844 [JavaFX Application Thread] DEBUG Logger               - Closing Logger
