16:05:48.447 [main                     ] DEBUG Logger               - Configured Logger
16:05:48.453 [main                     ] DEBUG GameApplication      - Logging settings
Title: 火柴人打羽毛球
Version: v0.1
Width: 900
Height: 600
Fullscreen: false
Intro: false
Profiling: false
Single step:false
App Mode: DEVELOPER
Menu Key: ESCAPE
Stage Style: DECORATED
Scene Factory: class com.almasb.fxgl.app.scene.SceneFactory

16:05:48.849 [JavaFX Application Thread] DEBUG FXGLApplication      - Initializing FXGL
16:05:48.850 [JavaFX Application Thread] INFO  Engine               - FXGL-17.3 (30.03.2023 11.49) on WINDOWS (J:24.0.2 FX:21.0.6)
16:05:48.850 [JavaFX Application Thread] DEBUG Engine               - JRE Vendor Name: Oracle Corporation
16:05:48.851 [JavaFX Application Thread] DEBUG Engine               - Running on OS: Windows 11 version 10.0
16:05:48.851 [JavaFX Application Thread] DEBUG Engine               - Architecture: amd64
16:05:48.851 [JavaFX Application Thread] INFO  Engine               - Source code and latest versions at: https://github.com/AlmasB/FXGL
16:05:48.851 [JavaFX Application Thread] INFO  Engine               -       Ask questions and discuss at: https://github.com/AlmasB/FXGL/discussions
16:05:48.851 [JavaFX Application Thread] INFO  Engine               -              Join the FXGL chat at: https://gitter.im/AlmasB/FXGL
16:05:48.913 [JavaFX Application Thread] DEBUG PrimaryStageWindow   - Creating a JavaFX scene
16:05:48.948 [JavaFX Application Thread] DEBUG PrimaryStageWindow   - Target settings size: 900.0 x 600.0
16:05:48.948 [JavaFX Application Thread] DEBUG PrimaryStageWindow   - Scaled scene size:    900.0 x 600.0
16:05:48.948 [JavaFX Application Thread] DEBUG PrimaryStageWindow   - Scaled ratio: (1.0, 1.0)
16:05:48.949 [JavaFX Application Thread] DEBUG PrimaryStageWindow   - Set initial scene to FXGLStartupScene
16:05:48.951 [JavaFX Application Thread] DEBUG PrimaryStageWindow   - Opening main window
16:05:49.052 [JavaFX Application Thread] DEBUG PrimaryStageWindow   - Window border size: (14.66668701171875, 37.33331298828125)
16:05:49.052 [JavaFX Application Thread] DEBUG PrimaryStageWindow   - Scaled size: 900.0 x 600.0
16:05:49.052 [JavaFX Application Thread] DEBUG PrimaryStageWindow   - Scaled ratio: (1.0, 1.0)
16:05:49.052 [JavaFX Application Thread] DEBUG PrimaryStageWindow   - Scene size: 900.0 x 600.0
16:05:49.052 [JavaFX Application Thread] DEBUG PrimaryStageWindow   - Stage size: 914.6666870117188 x 637.3333129882812
16:05:49.058 [FXGL Background Thread 1 ] DEBUG Engine               - Initializing environment variables
16:05:49.107 [FXGL Background Thread 1 ] DEBUG FXGLAssetLoaderServi - User app class for loading assets: class org.stickbadminton.GameApp
16:05:49.107 [FXGL Background Thread 1 ] DEBUG GameApplicationServi - Applying CSS: fxgl_dark.css
16:05:49.108 [FXGL Background Thread 1 ] DEBUG FXGLAssetLoaderServi - Loading from file system: jar:file:///C:/Users/Elysia/.m2/repository/com/github/almasb/fxgl/17.3/fxgl-17.3.jar!/fxglassets/ui/css/fxgl_dark.css
16:05:49.148 [FXGL Background Thread 1 ] DEBUG GameApplicationServi - Initializing application scenes
16:05:49.213 [FXGL Background Thread 1 ] DEBUG GameWorld            - Game world initialized
16:05:49.269 [FXGL Background Thread 1 ] DEBUG PhysicsWorld         - Physics world initialized: appHeight=600, physics.ppm=50.0
16:05:49.270 [FXGL Background Thread 1 ] DEBUG PhysicsWorld         - Using strategy: BRUTE_FORCE
16:05:49.274 [FXGL Background Thread 1 ] DEBUG GameScene            - Game scene initialized: 900x600
16:05:49.285 [FXGL Background Thread 1 ] DEBUG FXGL.DefaultMenu     - createMenuBodyGameMenu()
16:05:49.295 [FXGL Background Thread 1 ] DEBUG FXGL.DefaultMenu     - createOptionsMenu()
16:05:49.304 [FXGL Background Thread 1 ] DEBUG FXGLAssetLoaderServi - Loading from file system: jar:file:///C:/Users/Elysia/.m2/repository/com/github/almasb/fxgl/17.3/fxgl-17.3.jar!/fxglassets/textures/particles/smoke.png
16:05:49.392 [FXGL Background Thread 1 ] DEBUG FXGLAssetLoaderServi - Loading from file system: jar:file:///C:/Users/Elysia/.m2/repository/com/github/almasb/fxgl/17.3/fxgl-17.3.jar!/fxglassets/textures/particles/trace_horizontal.png
16:05:49.432 [FXGL Background Thread 1 ] DEBUG GameApplicationServi - Application scenes initialized
16:05:49.441 [FXGL Background Thread 1 ] DEBUG SystemBundleService  - Loading FXGL system data
16:05:49.444 [FXGL Background Thread 1 ] DEBUG FileSystemAccess     - Reading from: C:\Users\Elysia\Desktop\StickBadminton\StickBadminton\system\fxgl.bundle
16:05:49.448 [FXGL Background Thread 1 ] DEBUG SystemBundleService  - Bundle FXGL: {}
16:05:49.448 [FXGL Background Thread 1 ] DEBUG UpdaterService       - Checking for updates
16:05:49.452 [FXGL Background Thread 4 ] DEBUG FXGLApplication      - Loading fonts
16:05:49.452 [FXGL Background Thread 4 ] DEBUG FXGLAssetLoaderServi - Loading from file system: jar:file:///C:/Users/Elysia/.m2/repository/com/github/almasb/fxgl/17.3/fxgl-17.3.jar!/fxglassets/ui/fonts/VarelaRound-Regular.ttf
16:05:49.453 [FXGL Background Thread 1 ] DEBUG FXGLApplication      - Loading default localization
16:05:49.454 [FXGL Background Thread 1 ] DEBUG FXGLAssetLoaderServi - Loading from file system: jar:file:///C:/Users/Elysia/.m2/repository/com/github/almasb/fxgl/17.3/fxgl-17.3.jar!/fxglassets/languages/english.lang
16:05:49.485 [FXGL Background Thread 4 ] DEBUG FXGLAssetLoaderServi - Loading from file system: jar:file:///C:/Users/Elysia/.m2/repository/com/github/almasb/fxgl/17.3/fxgl-17.3.jar!/fxglassets/ui/fonts/Abel-Regular.ttf
16:05:49.486 [FXGL Background Thread 1 ] INFO  FXGLApplication      - FXGL initialization took: 0.429 sec
16:05:49.486 [FXGL Background Thread 4 ] DEBUG FXGLAssetLoaderServi - Loading from file system: jar:file:///C:/Users/Elysia/.m2/repository/com/github/almasb/fxgl/17.3/fxgl-17.3.jar!/fxglassets/ui/fonts/TerminalLandMono-Regular.otf
16:05:49.487 [JavaFX Application Thread] DEBUG FXGLAssetLoaderServi - Loading from file system: jar:file:///C:/Users/Elysia/.m2/repository/com/github/almasb/fxgl/17.3/fxgl-17.3.jar!/fxglassets/textures/fxgl_icon.png
16:05:49.489 [FXGL Background Thread 4 ] DEBUG FXGLAssetLoaderServi - Loading from file system: jar:file:///C:/Users/Elysia/.m2/repository/com/github/almasb/fxgl/17.3/fxgl-17.3.jar!/fxglassets/ui/fonts/Courier-Prime.ttf
16:05:49.502 [JavaFX Application Thread] DEBUG FXGLAssetLoaderServi - Loading from file system: jar:file:///C:/Users/Elysia/.m2/repository/com/github/almasb/fxgl/17.3/fxgl-17.3.jar!/fxglassets/textures/fxgl_default_cursor.png
16:05:49.510 [JavaFX Application Thread] DEBUG Input                - Registered new binding: Screenshot - CTRL+8
16:05:49.510 [JavaFX Application Thread] DEBUG Input                - Registered new binding: System info dump - CTRL+9
16:05:49.510 [JavaFX Application Thread] DEBUG Input                - Registered new binding: Restart - CTRL+R
16:05:49.512 [JavaFX Application Thread] DEBUG Input                - Registered new binding: Toggle Debug Camera - CTRL+7
16:05:49.513 [JavaFX Application Thread] DEBUG LoopRunner           - Starting loop
16:05:49.514 [JavaFX Application Thread] DEBUG LoopRunner           - Initializing ScheduledExecutorLoop with fps: 60
16:05:49.515 [JavaFX Application Thread] DEBUG GameApplicationServi - Starting new game
16:05:49.515 [JavaFX Application Thread] DEBUG Input                - Clearing active input actions
16:05:49.525 [JavaFX Application Thread] DEBUG GameApplicationServi - Removing overlay from FXGLStartupScene and adding to FXGLLoadingScene
16:05:49.525 [JavaFX Application Thread] DEBUG PrimaryStageWindow   - FXGLStartupScene -> FXGLLoadingScene
16:05:49.525 [JavaFX Application Thread] DEBUG GameApplicationServi - Clearing previous game
16:05:49.525 [JavaFX Application Thread] DEBUG GameScene            - Clearing game scene
16:05:49.525 [JavaFX Application Thread] DEBUG GameWorld            - Clearing game world
16:05:49.525 [JavaFX Application Thread] DEBUG PhysicsWorld         - Clearing physics world
16:05:49.527 [FXGL Background Thread 4 ] DEBUG FXGLApplication      - Initializing game
16:05:49.528 [JavaFX Application Thread] DEBUG FXGLApplication      - Registering font factories with UI factory
16:05:49.630 [FXGL Background Thread 4 ] INFO  FXGLApplication      - Game initialization took: 0.103 sec
16:05:49.634 [JavaFX Application Thread] DEBUG Input                - Clearing active input actions
16:05:49.643 [JavaFX Application Thread] DEBUG GameApplicationServi - Removing overlay from FXGLLoadingScene and adding to GameScene
16:05:49.643 [JavaFX Application Thread] DEBUG PrimaryStageWindow   - FXGLLoadingScene -> GameScene
16:05:51.549 [JavaFX Application Thread] DEBUG FXGLApplication      - Exiting FXGL
16:05:51.549 [JavaFX Application Thread] DEBUG LoopRunner           - Stopping loop
16:05:51.549 [JavaFX Application Thread] DEBUG SystemBundleService  - Saving FXGL system data
16:05:51.552 [JavaFX Application Thread] DEBUG FileSystemAccess     - Writing to: C:\Users\Elysia\Desktop\StickBadminton\StickBadminton\system\fxgl.bundle
16:05:51.554 [JavaFX Application Thread] DEBUG Async                - Shutting down background threads
16:05:51.554 [JavaFX Application Thread] DEBUG PrimaryStageWindow   - Closing main window
16:05:51.576 [JavaFX Application Thread] DEBUG Logger               - Closing Logger
